---
source: stageleft_macro/src/quote_impl/mod.rs
expression: "prettyplease :: unparse(& wrapped)"
---
fn main() {
    {
        move |__stageleft_ctx: &_, __output: &mut stageleft::internal::QuotedOutput| {
            if true {
                __output.module_path = module_path!().to_string();
                __output.crate_name = option_env!("STAGELEFT_FINAL_CRATE_NAME")
                    .unwrap_or(env!("CARGO_PKG_NAME"));
                __output.tokens = "Foo :: Bar { x : 1 }";
                unsafe {
                    return ::std::mem::MaybeUninit::uninit().assume_init();
                }
            }
            #[allow(unreachable_code, unused_qualifications)] { Foo::Bar { x: 1 } }
        }
    }
}
