---
source: stageleft_macro/src/quote_impl/mod.rs
expression: "prettyplease :: unparse(& wrapped)"
---
fn main() {
    {
        move |__stageleft_ctx: &_, __output: &mut stageleft::internal::QuotedOutput| {
            if true {
                __output.module_path = module_path!();
                __output.crate_name = option_env!("STAGELEFT_FINAL_CRATE_NAME")
                    .unwrap_or(env!("CARGO_PKG_NAME"));
                __output.tokens = "{ let x = 1 ; x + 2 }";
                unsafe {
                    return ::std::mem::MaybeUninit::uninit().assume_init();
                }
            }
            #[allow(unreachable_code, unused_qualifications)]
            {
                {
                    let x = 1;
                    x + 2
                }
            }
        }
    }
}
