---
source: stageleft_test/src/lib.rs
expression: "prettyplease::unparse(&file)"
---
fn main() {
    {
        use crate::__staged::__deps::*;
        use crate::__staged::*;
        crate::__staged::__stageleft_quote_src_lib_rs_80_7!(
            [__sl_p0 = crate ::__staged,] [__sl_p0::my_top_level_function()]
        )
    }
}
